
Copyright (C) 1994-2022 Synopsys, Inc.
This Synopsys software and all associated documentation are proprietary to Synopsys, Inc.
and may only be used pursuant to the terms and conditions of a written license agreement
with Synopsys, Inc. All other use, reproduction, modification, or distribution of the
Synopsys software or the associated documentation is strictly prohibited.
Tool: Synplify Pro (R)
Build: T-2022.09M-SP2
Install: C:\Microchip\Libero_SoC_v2023.1\SynplifyPro
OS: Windows 10 or later
Hostname: DESKTOP-S6GGU40

Implementation : synthesis

# Written on Sun Feb 11 12:12:51 2024

##### DESIGN INFO #######################################################

Top View:                "POEM_RS485_Controller"
Constraint File(s):      "C:\Users\S-SPACE\Desktop\Pratik\Libero\POEM_RS485_Controller\designer\POEM_RS485_Controller\synthesis.fdc"




##### SUMMARY ############################################################

Found 0 issues in 0 out of 0 constraints


##### DETAILS ############################################################



Clock Relationships
*******************

Starting                                                                    Ending                                                                      |     rise to rise     |     fall to fall     |     rise to fall     |     fall to rise                     
-------------------------------------------------------------------------------------------------------------------------------------------------------------------------------------------------------------------------------------------------------------------
POEM_RS485_Controller_sb_CCC_0_FCCC|GL0_net_inferred_clock                  POEM_RS485_Controller_sb_CCC_0_FCCC|GL0_net_inferred_clock                  |     10.000           |     No paths         |     No paths         |     No paths                         
POEM_RS485_Controller_sb_CCC_0_FCCC|GL0_net_inferred_clock                  POEM_RS485_Controller_sb_FABOSC_0_OSC|RCOSC_25_50MHZ_CCC_inferred_clock     |     Diff grp         |     No paths         |     No paths         |     No paths                         
POEM_RS485_Controller_sb_CCC_0_FCCC|GL0_net_inferred_clock                  baud_clk|o_clock_inferred_clock                                             |     Diff grp         |     No paths         |     No paths         |     No paths                         
POEM_RS485_Controller_sb_CCC_0_FCCC|GL0_net_inferred_clock                  Tx_Controller|Tx_complete_inferred_clock                                    |     Diff grp         |     No paths         |     No paths         |     No paths                         
POEM_RS485_Controller_sb_FABOSC_0_OSC|RCOSC_25_50MHZ_CCC_inferred_clock     POEM_RS485_Controller_sb_CCC_0_FCCC|GL0_net_inferred_clock                  |     Diff grp         |     No paths         |     No paths         |     No paths                         
POEM_RS485_Controller_sb_FABOSC_0_OSC|RCOSC_25_50MHZ_CCC_inferred_clock     POEM_RS485_Controller_sb_FABOSC_0_OSC|RCOSC_25_50MHZ_CCC_inferred_clock     |     10.000           |     No paths         |     No paths         |     No paths                         
baud_clk|o_clock_inferred_clock                                             baud_clk|o_clock_inferred_clock                                             |     10.000           |     No paths         |     No paths         |     No paths                         
sequence_detector|detect_inferred_clock                                     baud_clk|o_clock_inferred_clock                                             |     Diff grp         |     No paths         |     No paths         |     No paths                         
Tx_Controller|Tx_complete_inferred_clock                                    POEM_RS485_Controller_sb_CCC_0_FCCC|GL0_net_inferred_clock                  |     Diff grp         |     No paths         |     No paths         |     No paths                         
Tx_Controller|Tx_complete_inferred_clock                                    sequence_detector|detect_inferred_clock                                     |     Diff grp         |     No paths         |     No paths         |     No paths                         
Tx_Controller|Tx_complete_inferred_clock                                    Tx_Controller|Tx_complete_inferred_clock                                    |     10.000           |     No paths         |     No paths         |     No paths                         
===================================================================================================================================================================================================================================================================
 Note: 'No paths' indicates there are no paths in the design for that pair of clock edges.
       'Diff grp' indicates that paths exist but the starting clock and ending clock are in different clock groups.


Unconstrained Start/End Points
******************************

p:DEVRST_N
p:MMUART_0_RXD
p:MMUART_0_TXD
p:Rx
p:Tx
p:Tx_Enable


Inapplicable constraints
************************

(none)


Applicable constraints with issues
**********************************

(none)


Constraints with matching wildcard expressions
**********************************************

(none)


Library Report
**************


# End of Constraint Checker Report
