
Copyright (C) 1994-2022 Synopsys, Inc.
This Synopsys software and all associated documentation are proprietary to Synopsys, Inc.
and may only be used pursuant to the terms and conditions of a written license agreement
with Synopsys, Inc. All other use, reproduction, modification, or distribution of the
Synopsys software or the associated documentation is strictly prohibited.
Tool: Synplify Pro (R)
Build: T-2022.09M-SP2
Install: C:\Microchip\Libero_SoC_v2023.1\SynplifyPro
OS: Windows 10 or later
Hostname: DESKTOP-S6GGU40

Implementation : synthesis
Synopsys HDL compiler and linker, Version comp202209synp2, Build 096R, Built Mar  8 2023 09:13:24, @

Modified Files: 23
FID:  path (prevtimestamp, timestamp)
0        C:\Microchip\Libero_SoC_v2023.1\SynplifyPro\lib\generic\smartfusion2.v (N/A, 2023-03-17 16:33:55)
1        C:\Microchip\Libero_SoC_v2023.1\SynplifyPro\lib\vlog\hypermods.v (N/A, 2023-03-17 16:33:58)
2        C:\Microchip\Libero_SoC_v2023.1\SynplifyPro\lib\vlog\scemi_objects.v (N/A, 2023-03-17 16:33:58)
3        C:\Microchip\Libero_SoC_v2023.1\SynplifyPro\lib\vlog\scemi_pipes.svh (N/A, 2023-03-17 16:33:58)
4        C:\Microchip\Libero_SoC_v2023.1\SynplifyPro\lib\vlog\umr_capim.v (N/A, 2023-03-17 16:33:58)
5        C:\Users\S-SPACE\Desktop\Pratik\Libero\POEM_RS485_Controller\component\Actel\DirectCore\CoreAPB3\4.1.100\rtl\vlog\core\coreapb3.v (N/A, 2023-08-08 19:25:36)
6        C:\Users\S-SPACE\Desktop\Pratik\Libero\POEM_RS485_Controller\component\Actel\DirectCore\CoreAPB3\4.1.100\rtl\vlog\core\coreapb3_iaddr_reg.v (N/A, 2023-08-08 19:25:36)
7        C:\Users\S-SPACE\Desktop\Pratik\Libero\POEM_RS485_Controller\component\Actel\DirectCore\CoreAPB3\4.1.100\rtl\vlog\core\coreapb3_muxptob3.v (N/A, 2023-08-08 19:25:36)
8        C:\Users\S-SPACE\Desktop\Pratik\Libero\POEM_RS485_Controller\component\Actel\DirectCore\CoreResetP\7.1.100\rtl\vlog\core\coreresetp.v (N/A, 2023-08-08 19:25:36)
9        C:\Users\S-SPACE\Desktop\Pratik\Libero\POEM_RS485_Controller\component\Actel\DirectCore\CoreResetP\7.1.100\rtl\vlog\core\coreresetp_pcie_hotreset.v (N/A, 2023-08-08 19:25:36)
10       C:\Users\S-SPACE\Desktop\Pratik\Libero\POEM_RS485_Controller\component\Actel\SgCore\OSC\2.0.101\osc_comps.v (N/A, 2023-08-08 19:25:39)
11       C:\Users\S-SPACE\Desktop\Pratik\Libero\POEM_RS485_Controller\component\work\Controller_Interface\Controller_Interface.v (N/A, 2024-02-11 12:04:26)
12       C:\Users\S-SPACE\Desktop\Pratik\Libero\POEM_RS485_Controller\component\work\CoreAPB3_C0\CoreAPB3_C0.v (N/A, 2024-02-11 12:09:07)
13       C:\Users\S-SPACE\Desktop\Pratik\Libero\POEM_RS485_Controller\component\work\POEM_RS485_Controller\POEM_RS485_Controller.v (N/A, 2024-02-11 12:12:15)
14       C:\Users\S-SPACE\Desktop\Pratik\Libero\POEM_RS485_Controller\component\work\POEM_RS485_Controller_sb\CCC_0\POEM_RS485_Controller_sb_CCC_0_FCCC.v (N/A, 2024-02-11 12:11:59)
15       C:\Users\S-SPACE\Desktop\Pratik\Libero\POEM_RS485_Controller\component\work\POEM_RS485_Controller_sb\FABOSC_0\POEM_RS485_Controller_sb_FABOSC_0_OSC.v (N/A, 2024-02-11 12:12:02)
16       C:\Users\S-SPACE\Desktop\Pratik\Libero\POEM_RS485_Controller\component\work\POEM_RS485_Controller_sb\POEM_RS485_Controller_sb.v (N/A, 2024-02-11 12:12:02)
17       C:\Users\S-SPACE\Desktop\Pratik\Libero\POEM_RS485_Controller\component\work\POEM_RS485_Controller_sb_MSS\POEM_RS485_Controller_sb_MSS.v (N/A, 2024-02-11 12:06:25)
18       C:\Users\S-SPACE\Desktop\Pratik\Libero\POEM_RS485_Controller\component\work\POEM_RS485_Controller_sb_MSS\POEM_RS485_Controller_sb_MSS_syn.v (N/A, 2024-02-11 12:06:25)
19       C:\Users\S-SPACE\Desktop\Pratik\Libero\POEM_RS485_Controller\component\work\TPSRAM_C0\TPSRAM_C0.v (N/A, 2024-02-11 11:59:48)
20       C:\Users\S-SPACE\Desktop\Pratik\Libero\POEM_RS485_Controller\component\work\TPSRAM_C0\TPSRAM_C0_0\TPSRAM_C0_TPSRAM_C0_0_TPSRAM.v (N/A, 2024-02-11 11:59:48)
21       C:\Users\S-SPACE\Desktop\Pratik\Libero\POEM_RS485_Controller\hdl\RS485_PSLV_Controller.v (N/A, 2024-02-11 11:52:02)
22       C:\Users\S-SPACE\Desktop\Pratik\Libero\POEM_RS485_Controller\hdl\top_module_APB.v (N/A, 2024-02-11 11:52:02)

*******************************************************************
Modules that may have changed as a result of file changes: 26
MID:  lib.cell.view
0        COREAPB3_LIB.COREAPB3_MUXPTOB3.verilog may have changed because the following files changed:
                        C:\Users\S-SPACE\Desktop\Pratik\Libero\POEM_RS485_Controller\component\Actel\DirectCore\CoreAPB3\4.1.100\rtl\vlog\core\coreapb3.v (N/A, 2023-08-08 19:25:36) <-- (may instantiate this module)
                        C:\Users\S-SPACE\Desktop\Pratik\Libero\POEM_RS485_Controller\component\Actel\DirectCore\CoreAPB3\4.1.100\rtl\vlog\core\coreapb3_muxptob3.v (N/A, 2023-08-08 19:25:36) <-- (module definition)
                        C:\Users\S-SPACE\Desktop\Pratik\Libero\POEM_RS485_Controller\component\work\CoreAPB3_C0\CoreAPB3_C0.v (N/A, 2024-02-11 12:09:07) <-- (may instantiate this module)
                        C:\Users\S-SPACE\Desktop\Pratik\Libero\POEM_RS485_Controller\component\work\POEM_RS485_Controller\POEM_RS485_Controller.v (N/A, 2024-02-11 12:12:15) <-- (may instantiate this module)
                        C:\Users\S-SPACE\Desktop\Pratik\Libero\POEM_RS485_Controller\component\work\POEM_RS485_Controller_sb\POEM_RS485_Controller_sb.v (N/A, 2024-02-11 12:12:02) <-- (may instantiate this module)
1        COREAPB3_LIB.CoreAPB3.verilog may have changed because the following files changed:
                        C:\Users\S-SPACE\Desktop\Pratik\Libero\POEM_RS485_Controller\component\Actel\DirectCore\CoreAPB3\4.1.100\rtl\vlog\core\coreapb3.v (N/A, 2023-08-08 19:25:36) <-- (module definition)
                        C:\Users\S-SPACE\Desktop\Pratik\Libero\POEM_RS485_Controller\component\work\CoreAPB3_C0\CoreAPB3_C0.v (N/A, 2024-02-11 12:09:07) <-- (may instantiate this module)
                        C:\Users\S-SPACE\Desktop\Pratik\Libero\POEM_RS485_Controller\component\work\POEM_RS485_Controller\POEM_RS485_Controller.v (N/A, 2024-02-11 12:12:15) <-- (may instantiate this module)
                        C:\Users\S-SPACE\Desktop\Pratik\Libero\POEM_RS485_Controller\component\work\POEM_RS485_Controller_sb\POEM_RS485_Controller_sb.v (N/A, 2024-02-11 12:12:02) <-- (may instantiate this module)
2        COREAPB3_LIB.coreapb3_iaddr_reg.verilog may have changed because the following files changed:
                        C:\Users\S-SPACE\Desktop\Pratik\Libero\POEM_RS485_Controller\component\Actel\DirectCore\CoreAPB3\4.1.100\rtl\vlog\core\coreapb3.v (N/A, 2023-08-08 19:25:36) <-- (may instantiate this module)
                        C:\Users\S-SPACE\Desktop\Pratik\Libero\POEM_RS485_Controller\component\Actel\DirectCore\CoreAPB3\4.1.100\rtl\vlog\core\coreapb3_iaddr_reg.v (N/A, 2023-08-08 19:25:36) <-- (module definition)
                        C:\Users\S-SPACE\Desktop\Pratik\Libero\POEM_RS485_Controller\component\work\CoreAPB3_C0\CoreAPB3_C0.v (N/A, 2024-02-11 12:09:07) <-- (may instantiate this module)
                        C:\Users\S-SPACE\Desktop\Pratik\Libero\POEM_RS485_Controller\component\work\POEM_RS485_Controller\POEM_RS485_Controller.v (N/A, 2024-02-11 12:12:15) <-- (may instantiate this module)
                        C:\Users\S-SPACE\Desktop\Pratik\Libero\POEM_RS485_Controller\component\work\POEM_RS485_Controller_sb\POEM_RS485_Controller_sb.v (N/A, 2024-02-11 12:12:02) <-- (may instantiate this module)
3        work.Controller_Interface.verilog may have changed because the following files changed:
                        C:\Users\S-SPACE\Desktop\Pratik\Libero\POEM_RS485_Controller\component\work\Controller_Interface\Controller_Interface.v (N/A, 2024-02-11 12:04:26) <-- (module definition)
                        C:\Users\S-SPACE\Desktop\Pratik\Libero\POEM_RS485_Controller\component\work\POEM_RS485_Controller\POEM_RS485_Controller.v (N/A, 2024-02-11 12:12:15) <-- (may instantiate this module)
                        C:\Users\S-SPACE\Desktop\Pratik\Libero\POEM_RS485_Controller\component\work\POEM_RS485_Controller_sb\POEM_RS485_Controller_sb.v (N/A, 2024-02-11 12:12:02) <-- (may instantiate this module)
4        work.CoreAPB3_C0.verilog may have changed because the following files changed:
                        C:\Users\S-SPACE\Desktop\Pratik\Libero\POEM_RS485_Controller\component\work\CoreAPB3_C0\CoreAPB3_C0.v (N/A, 2024-02-11 12:09:07) <-- (module definition)
                        C:\Users\S-SPACE\Desktop\Pratik\Libero\POEM_RS485_Controller\component\work\POEM_RS485_Controller\POEM_RS485_Controller.v (N/A, 2024-02-11 12:12:15) <-- (may instantiate this module)
                        C:\Users\S-SPACE\Desktop\Pratik\Libero\POEM_RS485_Controller\component\work\POEM_RS485_Controller_sb\POEM_RS485_Controller_sb.v (N/A, 2024-02-11 12:12:02) <-- (may instantiate this module)
5        work.CoreResetP.verilog may have changed because the following files changed:
                        C:\Users\S-SPACE\Desktop\Pratik\Libero\POEM_RS485_Controller\component\Actel\DirectCore\CoreResetP\7.1.100\rtl\vlog\core\coreresetp.v (N/A, 2023-08-08 19:25:36) <-- (module definition)
                        C:\Users\S-SPACE\Desktop\Pratik\Libero\POEM_RS485_Controller\component\work\POEM_RS485_Controller\POEM_RS485_Controller.v (N/A, 2024-02-11 12:12:15) <-- (may instantiate this module)
                        C:\Users\S-SPACE\Desktop\Pratik\Libero\POEM_RS485_Controller\component\work\POEM_RS485_Controller_sb\POEM_RS485_Controller_sb.v (N/A, 2024-02-11 12:12:02) <-- (may instantiate this module)
6        work.MSS_050.verilog may have changed because the following files changed:
                        C:\Users\S-SPACE\Desktop\Pratik\Libero\POEM_RS485_Controller\component\work\POEM_RS485_Controller\POEM_RS485_Controller.v (N/A, 2024-02-11 12:12:15) <-- (may instantiate this module)
                        C:\Users\S-SPACE\Desktop\Pratik\Libero\POEM_RS485_Controller\component\work\POEM_RS485_Controller_sb\POEM_RS485_Controller_sb.v (N/A, 2024-02-11 12:12:02) <-- (may instantiate this module)
                        C:\Users\S-SPACE\Desktop\Pratik\Libero\POEM_RS485_Controller\component\work\POEM_RS485_Controller_sb_MSS\POEM_RS485_Controller_sb_MSS.v (N/A, 2024-02-11 12:06:25) <-- (may instantiate this module)
                        C:\Users\S-SPACE\Desktop\Pratik\Libero\POEM_RS485_Controller\component\work\POEM_RS485_Controller_sb_MSS\POEM_RS485_Controller_sb_MSS_syn.v (N/A, 2024-02-11 12:06:25) <-- (module definition)
7        work.POEM_RS485_Controller.verilog may have changed because the following files changed:
                        C:\Users\S-SPACE\Desktop\Pratik\Libero\POEM_RS485_Controller\component\work\POEM_RS485_Controller\POEM_RS485_Controller.v (N/A, 2024-02-11 12:12:15) <-- (module definition)
8        work.POEM_RS485_Controller_sb.verilog may have changed because the following files changed:
                        C:\Users\S-SPACE\Desktop\Pratik\Libero\POEM_RS485_Controller\component\work\POEM_RS485_Controller\POEM_RS485_Controller.v (N/A, 2024-02-11 12:12:15) <-- (may instantiate this module)
                        C:\Users\S-SPACE\Desktop\Pratik\Libero\POEM_RS485_Controller\component\work\POEM_RS485_Controller_sb\POEM_RS485_Controller_sb.v (N/A, 2024-02-11 12:12:02) <-- (module definition)
9        work.POEM_RS485_Controller_sb_CCC_0_FCCC.verilog may have changed because the following files changed:
                        C:\Users\S-SPACE\Desktop\Pratik\Libero\POEM_RS485_Controller\component\work\POEM_RS485_Controller\POEM_RS485_Controller.v (N/A, 2024-02-11 12:12:15) <-- (may instantiate this module)
                        C:\Users\S-SPACE\Desktop\Pratik\Libero\POEM_RS485_Controller\component\work\POEM_RS485_Controller_sb\CCC_0\POEM_RS485_Controller_sb_CCC_0_FCCC.v (N/A, 2024-02-11 12:11:59) <-- (module definition)
                        C:\Users\S-SPACE\Desktop\Pratik\Libero\POEM_RS485_Controller\component\work\POEM_RS485_Controller_sb\POEM_RS485_Controller_sb.v (N/A, 2024-02-11 12:12:02) <-- (may instantiate this module)
10       work.POEM_RS485_Controller_sb_FABOSC_0_OSC.verilog may have changed because the following files changed:
                        C:\Users\S-SPACE\Desktop\Pratik\Libero\POEM_RS485_Controller\component\work\POEM_RS485_Controller\POEM_RS485_Controller.v (N/A, 2024-02-11 12:12:15) <-- (may instantiate this module)
                        C:\Users\S-SPACE\Desktop\Pratik\Libero\POEM_RS485_Controller\component\work\POEM_RS485_Controller_sb\FABOSC_0\POEM_RS485_Controller_sb_FABOSC_0_OSC.v (N/A, 2024-02-11 12:12:02) <-- (module definition)
                        C:\Users\S-SPACE\Desktop\Pratik\Libero\POEM_RS485_Controller\component\work\POEM_RS485_Controller_sb\POEM_RS485_Controller_sb.v (N/A, 2024-02-11 12:12:02) <-- (may instantiate this module)
11       work.POEM_RS485_Controller_sb_MSS.verilog may have changed because the following files changed:
                        C:\Users\S-SPACE\Desktop\Pratik\Libero\POEM_RS485_Controller\component\work\POEM_RS485_Controller\POEM_RS485_Controller.v (N/A, 2024-02-11 12:12:15) <-- (may instantiate this module)
                        C:\Users\S-SPACE\Desktop\Pratik\Libero\POEM_RS485_Controller\component\work\POEM_RS485_Controller_sb\POEM_RS485_Controller_sb.v (N/A, 2024-02-11 12:12:02) <-- (may instantiate this module)
                        C:\Users\S-SPACE\Desktop\Pratik\Libero\POEM_RS485_Controller\component\work\POEM_RS485_Controller_sb_MSS\POEM_RS485_Controller_sb_MSS.v (N/A, 2024-02-11 12:06:25) <-- (module definition)
12       work.RCOSC_1MHZ.verilog may have changed because the following files changed:
                        C:\Users\S-SPACE\Desktop\Pratik\Libero\POEM_RS485_Controller\component\Actel\SgCore\OSC\2.0.101\osc_comps.v (N/A, 2023-08-08 19:25:39) <-- (module definition)
                        C:\Users\S-SPACE\Desktop\Pratik\Libero\POEM_RS485_Controller\component\work\POEM_RS485_Controller\POEM_RS485_Controller.v (N/A, 2024-02-11 12:12:15) <-- (may instantiate this module)
                        C:\Users\S-SPACE\Desktop\Pratik\Libero\POEM_RS485_Controller\component\work\POEM_RS485_Controller_sb\FABOSC_0\POEM_RS485_Controller_sb_FABOSC_0_OSC.v (N/A, 2024-02-11 12:12:02) <-- (may instantiate this module)
                        C:\Users\S-SPACE\Desktop\Pratik\Libero\POEM_RS485_Controller\component\work\POEM_RS485_Controller_sb\POEM_RS485_Controller_sb.v (N/A, 2024-02-11 12:12:02) <-- (may instantiate this module)
13       work.RCOSC_1MHZ_FAB.verilog may have changed because the following files changed:
                        C:\Users\S-SPACE\Desktop\Pratik\Libero\POEM_RS485_Controller\component\Actel\SgCore\OSC\2.0.101\osc_comps.v (N/A, 2023-08-08 19:25:39) <-- (module definition)
                        C:\Users\S-SPACE\Desktop\Pratik\Libero\POEM_RS485_Controller\component\work\POEM_RS485_Controller\POEM_RS485_Controller.v (N/A, 2024-02-11 12:12:15) <-- (may instantiate this module)
                        C:\Users\S-SPACE\Desktop\Pratik\Libero\POEM_RS485_Controller\component\work\POEM_RS485_Controller_sb\FABOSC_0\POEM_RS485_Controller_sb_FABOSC_0_OSC.v (N/A, 2024-02-11 12:12:02) <-- (may instantiate this module)
                        C:\Users\S-SPACE\Desktop\Pratik\Libero\POEM_RS485_Controller\component\work\POEM_RS485_Controller_sb\POEM_RS485_Controller_sb.v (N/A, 2024-02-11 12:12:02) <-- (may instantiate this module)
14       work.RCOSC_25_50MHZ.verilog may have changed because the following files changed:
                        C:\Users\S-SPACE\Desktop\Pratik\Libero\POEM_RS485_Controller\component\Actel\SgCore\OSC\2.0.101\osc_comps.v (N/A, 2023-08-08 19:25:39) <-- (module definition)
                        C:\Users\S-SPACE\Desktop\Pratik\Libero\POEM_RS485_Controller\component\work\POEM_RS485_Controller\POEM_RS485_Controller.v (N/A, 2024-02-11 12:12:15) <-- (may instantiate this module)
                        C:\Users\S-SPACE\Desktop\Pratik\Libero\POEM_RS485_Controller\component\work\POEM_RS485_Controller_sb\FABOSC_0\POEM_RS485_Controller_sb_FABOSC_0_OSC.v (N/A, 2024-02-11 12:12:02) <-- (may instantiate this module)
                        C:\Users\S-SPACE\Desktop\Pratik\Libero\POEM_RS485_Controller\component\work\POEM_RS485_Controller_sb\POEM_RS485_Controller_sb.v (N/A, 2024-02-11 12:12:02) <-- (may instantiate this module)
15       work.RCOSC_25_50MHZ_FAB.verilog may have changed because the following files changed:
                        C:\Users\S-SPACE\Desktop\Pratik\Libero\POEM_RS485_Controller\component\Actel\SgCore\OSC\2.0.101\osc_comps.v (N/A, 2023-08-08 19:25:39) <-- (module definition)
                        C:\Users\S-SPACE\Desktop\Pratik\Libero\POEM_RS485_Controller\component\work\POEM_RS485_Controller\POEM_RS485_Controller.v (N/A, 2024-02-11 12:12:15) <-- (may instantiate this module)
                        C:\Users\S-SPACE\Desktop\Pratik\Libero\POEM_RS485_Controller\component\work\POEM_RS485_Controller_sb\FABOSC_0\POEM_RS485_Controller_sb_FABOSC_0_OSC.v (N/A, 2024-02-11 12:12:02) <-- (may instantiate this module)
                        C:\Users\S-SPACE\Desktop\Pratik\Libero\POEM_RS485_Controller\component\work\POEM_RS485_Controller_sb\POEM_RS485_Controller_sb.v (N/A, 2024-02-11 12:12:02) <-- (may instantiate this module)
16       work.RS_485_Controller.verilog may have changed because the following files changed:
                        C:\Users\S-SPACE\Desktop\Pratik\Libero\POEM_RS485_Controller\component\work\Controller_Interface\Controller_Interface.v (N/A, 2024-02-11 12:04:26) <-- (may instantiate this module)
                        C:\Users\S-SPACE\Desktop\Pratik\Libero\POEM_RS485_Controller\component\work\POEM_RS485_Controller\POEM_RS485_Controller.v (N/A, 2024-02-11 12:12:15) <-- (may instantiate this module)
                        C:\Users\S-SPACE\Desktop\Pratik\Libero\POEM_RS485_Controller\component\work\POEM_RS485_Controller_sb\POEM_RS485_Controller_sb.v (N/A, 2024-02-11 12:12:02) <-- (may instantiate this module)
                        C:\Users\S-SPACE\Desktop\Pratik\Libero\POEM_RS485_Controller\hdl\top_module_APB.v (N/A, 2024-02-11 11:52:02) <-- (module definition)
17       work.TPSRAM_C0.verilog may have changed because the following files changed:
                        C:\Users\S-SPACE\Desktop\Pratik\Libero\POEM_RS485_Controller\component\work\Controller_Interface\Controller_Interface.v (N/A, 2024-02-11 12:04:26) <-- (may instantiate this module)
                        C:\Users\S-SPACE\Desktop\Pratik\Libero\POEM_RS485_Controller\component\work\POEM_RS485_Controller\POEM_RS485_Controller.v (N/A, 2024-02-11 12:12:15) <-- (may instantiate this module)
                        C:\Users\S-SPACE\Desktop\Pratik\Libero\POEM_RS485_Controller\component\work\POEM_RS485_Controller_sb\POEM_RS485_Controller_sb.v (N/A, 2024-02-11 12:12:02) <-- (may instantiate this module)
                        C:\Users\S-SPACE\Desktop\Pratik\Libero\POEM_RS485_Controller\component\work\TPSRAM_C0\TPSRAM_C0.v (N/A, 2024-02-11 11:59:48) <-- (module definition)
18       work.TPSRAM_C0_TPSRAM_C0_0_TPSRAM.verilog may have changed because the following files changed:
                        C:\Users\S-SPACE\Desktop\Pratik\Libero\POEM_RS485_Controller\component\work\Controller_Interface\Controller_Interface.v (N/A, 2024-02-11 12:04:26) <-- (may instantiate this module)
                        C:\Users\S-SPACE\Desktop\Pratik\Libero\POEM_RS485_Controller\component\work\POEM_RS485_Controller\POEM_RS485_Controller.v (N/A, 2024-02-11 12:12:15) <-- (may instantiate this module)
                        C:\Users\S-SPACE\Desktop\Pratik\Libero\POEM_RS485_Controller\component\work\POEM_RS485_Controller_sb\POEM_RS485_Controller_sb.v (N/A, 2024-02-11 12:12:02) <-- (may instantiate this module)
                        C:\Users\S-SPACE\Desktop\Pratik\Libero\POEM_RS485_Controller\component\work\TPSRAM_C0\TPSRAM_C0.v (N/A, 2024-02-11 11:59:48) <-- (may instantiate this module)
                        C:\Users\S-SPACE\Desktop\Pratik\Libero\POEM_RS485_Controller\component\work\TPSRAM_C0\TPSRAM_C0_0\TPSRAM_C0_TPSRAM_C0_0_TPSRAM.v (N/A, 2024-02-11 11:59:48) <-- (module definition)
19       work.Tx_Controller.verilog may have changed because the following files changed:
                        C:\Users\S-SPACE\Desktop\Pratik\Libero\POEM_RS485_Controller\component\work\Controller_Interface\Controller_Interface.v (N/A, 2024-02-11 12:04:26) <-- (may instantiate this module)
                        C:\Users\S-SPACE\Desktop\Pratik\Libero\POEM_RS485_Controller\component\work\POEM_RS485_Controller\POEM_RS485_Controller.v (N/A, 2024-02-11 12:12:15) <-- (may instantiate this module)
                        C:\Users\S-SPACE\Desktop\Pratik\Libero\POEM_RS485_Controller\component\work\POEM_RS485_Controller_sb\POEM_RS485_Controller_sb.v (N/A, 2024-02-11 12:12:02) <-- (may instantiate this module)
                        C:\Users\S-SPACE\Desktop\Pratik\Libero\POEM_RS485_Controller\hdl\RS485_PSLV_Controller.v (N/A, 2024-02-11 11:52:02) <-- (module definition)
20       work.XTLOSC.verilog may have changed because the following files changed:
                        C:\Users\S-SPACE\Desktop\Pratik\Libero\POEM_RS485_Controller\component\Actel\SgCore\OSC\2.0.101\osc_comps.v (N/A, 2023-08-08 19:25:39) <-- (module definition)
                        C:\Users\S-SPACE\Desktop\Pratik\Libero\POEM_RS485_Controller\component\work\POEM_RS485_Controller\POEM_RS485_Controller.v (N/A, 2024-02-11 12:12:15) <-- (may instantiate this module)
                        C:\Users\S-SPACE\Desktop\Pratik\Libero\POEM_RS485_Controller\component\work\POEM_RS485_Controller_sb\FABOSC_0\POEM_RS485_Controller_sb_FABOSC_0_OSC.v (N/A, 2024-02-11 12:12:02) <-- (may instantiate this module)
                        C:\Users\S-SPACE\Desktop\Pratik\Libero\POEM_RS485_Controller\component\work\POEM_RS485_Controller_sb\POEM_RS485_Controller_sb.v (N/A, 2024-02-11 12:12:02) <-- (may instantiate this module)
21       work.XTLOSC_FAB.verilog may have changed because the following files changed:
                        C:\Users\S-SPACE\Desktop\Pratik\Libero\POEM_RS485_Controller\component\Actel\SgCore\OSC\2.0.101\osc_comps.v (N/A, 2023-08-08 19:25:39) <-- (module definition)
                        C:\Users\S-SPACE\Desktop\Pratik\Libero\POEM_RS485_Controller\component\work\POEM_RS485_Controller\POEM_RS485_Controller.v (N/A, 2024-02-11 12:12:15) <-- (may instantiate this module)
                        C:\Users\S-SPACE\Desktop\Pratik\Libero\POEM_RS485_Controller\component\work\POEM_RS485_Controller_sb\FABOSC_0\POEM_RS485_Controller_sb_FABOSC_0_OSC.v (N/A, 2024-02-11 12:12:02) <-- (may instantiate this module)
                        C:\Users\S-SPACE\Desktop\Pratik\Libero\POEM_RS485_Controller\component\work\POEM_RS485_Controller_sb\POEM_RS485_Controller_sb.v (N/A, 2024-02-11 12:12:02) <-- (may instantiate this module)
22       work.baud_clk.verilog may have changed because the following files changed:
                        C:\Users\S-SPACE\Desktop\Pratik\Libero\POEM_RS485_Controller\component\work\Controller_Interface\Controller_Interface.v (N/A, 2024-02-11 12:04:26) <-- (may instantiate this module)
                        C:\Users\S-SPACE\Desktop\Pratik\Libero\POEM_RS485_Controller\component\work\POEM_RS485_Controller\POEM_RS485_Controller.v (N/A, 2024-02-11 12:12:15) <-- (may instantiate this module)
                        C:\Users\S-SPACE\Desktop\Pratik\Libero\POEM_RS485_Controller\component\work\POEM_RS485_Controller_sb\POEM_RS485_Controller_sb.v (N/A, 2024-02-11 12:12:02) <-- (may instantiate this module)
                        C:\Users\S-SPACE\Desktop\Pratik\Libero\POEM_RS485_Controller\hdl\RS485_PSLV_Controller.v (N/A, 2024-02-11 11:52:02) <-- (module definition)
23       work.coreresetp_pcie_hotreset.verilog may have changed because the following files changed:
                        C:\Users\S-SPACE\Desktop\Pratik\Libero\POEM_RS485_Controller\component\Actel\DirectCore\CoreResetP\7.1.100\rtl\vlog\core\coreresetp.v (N/A, 2023-08-08 19:25:36) <-- (may instantiate this module)
                        C:\Users\S-SPACE\Desktop\Pratik\Libero\POEM_RS485_Controller\component\Actel\DirectCore\CoreResetP\7.1.100\rtl\vlog\core\coreresetp_pcie_hotreset.v (N/A, 2023-08-08 19:25:36) <-- (module definition)
                        C:\Users\S-SPACE\Desktop\Pratik\Libero\POEM_RS485_Controller\component\work\POEM_RS485_Controller\POEM_RS485_Controller.v (N/A, 2024-02-11 12:12:15) <-- (may instantiate this module)
                        C:\Users\S-SPACE\Desktop\Pratik\Libero\POEM_RS485_Controller\component\work\POEM_RS485_Controller_sb\POEM_RS485_Controller_sb.v (N/A, 2024-02-11 12:12:02) <-- (may instantiate this module)
24       work.sequence_detector.verilog may have changed because the following files changed:
                        C:\Users\S-SPACE\Desktop\Pratik\Libero\POEM_RS485_Controller\component\work\Controller_Interface\Controller_Interface.v (N/A, 2024-02-11 12:04:26) <-- (may instantiate this module)
                        C:\Users\S-SPACE\Desktop\Pratik\Libero\POEM_RS485_Controller\component\work\POEM_RS485_Controller\POEM_RS485_Controller.v (N/A, 2024-02-11 12:12:15) <-- (may instantiate this module)
                        C:\Users\S-SPACE\Desktop\Pratik\Libero\POEM_RS485_Controller\component\work\POEM_RS485_Controller_sb\POEM_RS485_Controller_sb.v (N/A, 2024-02-11 12:12:02) <-- (may instantiate this module)
                        C:\Users\S-SPACE\Desktop\Pratik\Libero\POEM_RS485_Controller\hdl\RS485_PSLV_Controller.v (N/A, 2024-02-11 11:52:02) <-- (module definition)
25       work.transmitter_with_detector.verilog may have changed because the following files changed:
                        C:\Users\S-SPACE\Desktop\Pratik\Libero\POEM_RS485_Controller\component\work\Controller_Interface\Controller_Interface.v (N/A, 2024-02-11 12:04:26) <-- (may instantiate this module)
                        C:\Users\S-SPACE\Desktop\Pratik\Libero\POEM_RS485_Controller\component\work\POEM_RS485_Controller\POEM_RS485_Controller.v (N/A, 2024-02-11 12:12:15) <-- (may instantiate this module)
                        C:\Users\S-SPACE\Desktop\Pratik\Libero\POEM_RS485_Controller\component\work\POEM_RS485_Controller_sb\POEM_RS485_Controller_sb.v (N/A, 2024-02-11 12:12:02) <-- (may instantiate this module)
                        C:\Users\S-SPACE\Desktop\Pratik\Libero\POEM_RS485_Controller\hdl\RS485_PSLV_Controller.v (N/A, 2024-02-11 11:52:02) <-- (module definition)

*******************************************************************
Unmodified files: 0
FID:  path (timestamp)

*******************************************************************
Unchanged modules: 0
MID:  lib.cell.view
