----------------------------------------------------------------
-Pin Report - Date: Sun Feb 11 12:15:03 2024 Pinchecksum: NOT-AVAILABLE
-Product: Designer
-Release: v2023.1
-Version: 2023.1.0.6
-Design Name: POEM_RS485_Controller
-Family: SmartFusion2
-Die: M2S050
-Package: 484 FBGA
-----------------------------------------------------------------

Number |Port         |Function                                            |State      |I/O Std  |Direction |I/O state in Flash*Freeze mode |Resistor Pull |I/O available in Flash*Freeze mode |Schmitt Trigger |Odt_Static |Odt Imp (Ohm) |Low Power Exit |Input Delay |Slew |Pre-Emphasis |Output Drive (mA) |Output Load (pF) |
-------|-------------|----------------------------------------------------|-----------|---------|----------|-------------------------------|--------------|-----------------------------------|----------------|-----------|--------------|---------------|------------|-----|-------------|------------------|-----------------|
A1                    VSS                                                  Reserved    
A2                    MSIO101NB8                                           Unassigned  
A3                    DDRIO72NB0                                           Unassigned  
A4                    DDRIO72PB0                                           Unassigned  
A5                    DDRIO67NB0                                           Unassigned  
A6                    DDRIO66NB0                                           Unassigned  
A7                    DDRIO87PB0/CCC_NW1_CLKI3/MDDR_DQ_ECC1                Special     
A8                    DDRIO87NB0/MDDR_DQ_ECC0                              Unassigned  
A9                    DDRIO86NB0/MDDR_DQ1                                  Unassigned  
A10                   DDRIO83PB0/MDDR_DM_RDQS0                             Unassigned  
A11                   DDRIO83NB0/MDDR_DQ4                                  Unassigned  
A12                   DDRIO80PB0/MDDR_DQ8                                  Unassigned  
A13                   DDRIO80NB0/MDDR_DQ9                                  Unassigned  
A14                   DDRIO76PB0/GB12/CCC_NE1_CLKI2/MDDR_DQ12              Special     
A15                   DDRIO76NB0/MDDR_DQ13                                 Unassigned  
A16                   DDRIO59PB0/MDDR_CLK                                  Unassigned  
A17                   DDRIO59NB0/MDDR_CLK_N                                Unassigned  
A18                   DDRIO58PB0/MDDR_BA0                                  Unassigned  
A19                   DDRIO58NB0/MDDR_BA1                                  Unassigned  
A20                   DDRIO54NB0/MDDR_ADDR6                                Unassigned  
A21                   DDRIO51PB0/MDDR_ADDR10                               Unassigned  
A22                   VSS                                                  Reserved    
AA1                   VSS                                                  Reserved    
AA2                   DNC                                                  Reserved    
AA3                   VSS                                                  Reserved    
AA4                   DNC                                                  Reserved    
AA5                   VSS                                                  Reserved    
AA6                   DNC                                                  Reserved    
AA7                   VSS                                                  Reserved    
AA8                   DNC                                                  Reserved    
AA9                   VSS                                                  Reserved    
AA10                  DDRIO149PB5                                          Unassigned  
AA11                  DDRIO152PB5/GB3/CCC_SW0_CLKI3                        Special     
AA12                  DDRIO157PB5                                          Unassigned  
AA13                  DDRIO162PB5                                          Unassigned  
AA14                  VSS                                                  Reserved    
AA15                  DDRIO164NB5                                          Unassigned  
AA16                  DDRIO167PB5                                          Unassigned  
AA17                  DDRIO167NB5                                          Unassigned  
AA18                  DDRIO174NB5                                          Unassigned  
AA19                  VDDI5                                                Reserved    
AA20                  NC                                                   Reserved    
AA21                  XTLOSC_MAIN_EXTAL                                    Reserved    
AA22                  JTAGSEL                                              Reserved    
AB1                   VSS                                                  Reserved    
AB2                   DNC                                                  Reserved    
AB3                   VSS                                                  Reserved    
AB4                   DNC                                                  Reserved    
AB5                   VSS                                                  Reserved    
AB6                   DNC                                                  Reserved    
AB7                   VSS                                                  Reserved    
AB8                   DNC                                                  Reserved    
AB9                   VSS                                                  Reserved    
AB10                  DDRIO149NB5                                          Unassigned  
AB11                  DDRIO152NB5/GB7/CCC_SW1_CLKI2                        Special     
AB12                  VDDI5                                                Reserved    
AB13                  DDRIO161PB5/GB11/VCCC_SE0_CLKI                       Special     
AB14                  DDRIO161NB5                                          Unassigned  
AB15                  DDRIO164PB5/VCCC_SE1_CLKI                            Special     
AB16                  VSS                                                  Reserved    
AB17                  DDRIO174PB5                                          Unassigned  
AB18                  DDRIO177PB5                                          Unassigned  
AB19                  DDRIO177NB5                                          Unassigned  
AB20                  NC                                                   Reserved    
AB21                  XTLOSC_MAIN_XTAL                                     Reserved    
AB22                  VSS                                                  Reserved    
B1                    MSIO103NB8                                           Unassigned  
B2                    MSIO101PB8                                           Unassigned  
B3                    MSIO97NB8                                            Unassigned  
B4                    VSS                                                  Reserved    
B5                    DDRIO67PB0                                           Unassigned  
B6                    DDRIO66PB0                                           Unassigned  
B7                    DDRIO90NB0/MDDR_DQS_ECC_N                            Unassigned  
B8                    VDDI0                                                Reserved    
B9                    DDRIO86PB0/MDDR_DQ0                                  Unassigned  
B10                   VSS                                                  Reserved    
B11                   DDRIO84PB0/MDDR_DQS0                                 Unassigned  
B12                   VDDI0                                                Reserved    
B13                   DDRIO78PB0/GB8/CCC_NE0_CLKI3/MDDR_DQS1               Special     
B14                   VSS                                                  Reserved    
B15                   DDRIO61PB0/MDDR_CKE                                  Unassigned  
B16                   VDDI0                                                Reserved    
B17                   DDRIO57NB0/MDDR_ADDR0                                Unassigned  
B18                   VSS                                                  Reserved    
B19                   DDRIO54PB0/MDDR_ADDR5                                Unassigned  
B20                   VDDI0                                                Reserved    
B21                   DDRIO51NB0/MDDR_ADDR11                               Unassigned  
B22                   MSIO47NB1/MMUART_0_CLK/GPIO_29_B                     Unassigned  
C1                    MSIO103PB8                                           Unassigned  
C2                    VDDI8                                                Reserved    
C3                    MSIO97PB8                                            Unassigned  
C4                    MSIO96PB8                                            Unassigned  
C5                    DDRIO74PB0                                           Unassigned  
C6                    VDDI0                                                Reserved    
C7                    DDRIO90PB0/MDDR_DQS_ECC                              Unassigned  
C8                    VSS                                                  Reserved    
C9                    DDRIO88NB0                                           Unassigned  
C10                   VDDI0                                                Reserved    
C11                   DDRIO84NB0/MDDR_DQS0_N                               Unassigned  
C12                   VSS                                                  Reserved    
C13                   DDRIO78NB0/MDDR_DQS1_N                               Unassigned  
C14                   VDDI0                                                Reserved    
C15                   DDRIO61NB0/MDDR_CS_N                                 Unassigned  
C16                   DDRIO57PB0/MDDR_BA2                                  Unassigned  
C17                   DDRIO55PB0/MDDR_ADDR3                                Unassigned  
C18                   DDRIO55NB0/MDDR_ADDR4                                Unassigned  
C19                   DDRIO53NB0/MDDR_ADDR7                                Unassigned  
C20                   DDRIO53PB0/MDDR_ODT                                  Unassigned  
C21                   VSS                                                  Reserved    
C22     MMUART_0_RXD  MSIO47PB1/MMUART_0_RXD/GPIO_28_B                     Fixed       LVCMOS25  Input      TRISTATE                        None           No                                  Off              ---         ---            Off             Off          ---   ---           ---                ---               
D1                    MSIO104PB8                                           Unassigned  
D2                    MSIO104NB8                                           Unassigned  
D3                    MSIO100PB8                                           Unassigned  
D4                    MSIO100NB8                                           Unassigned  
D5                    MSIO96NB8                                            Unassigned  
D6                    DDRIO74NB0                                           Unassigned  
D7                    MDDR_IMP_CALIB                                       Reserved    
D8                    DDRIO89NB0/MDDR_DM_RDQS_ECC                          Unassigned  
D9                    DDRIO88PB0                                           Unassigned  
D10                   DDRIO82PB0/MDDR_DQ5                                  Unassigned  
D11                   DDRIO82NB0/MDDR_DQ6                                  Unassigned  
D12                   DDRIO79PB0/CCC_NE0_CLKI2/MDDR_DQ10                   Special     
D13                   DDRIO79NB0/MDDR_DQ11                                 Unassigned  
D14                   DDRIO75PB0/CCC_NE1_CLKI3/MDDR_DQ14                   Special     
D15                   VSS                                                  Reserved    
D16                   DDRIO56PB0/MDDR_ADDR1                                Unassigned  
D17                   VDDI0                                                Reserved    
D18                   DDRIO49PB0/MDDR_ADDR14                               Unassigned  
D19                   VSS                                                  Reserved    
D20                   DDRIO50NB0/MDDR_ADDR13                               Unassigned  
D21     MMUART_0_TXD  MSI46NB1/MMUART_0_TXD/GPIO_27_B                      Fixed       LVCMOS25  Output     TRISTATE                        None           No                                  ---              ---         ---            ---             ---          SLOW  ---           4                  5                 
D22                   FLASH_GOLDEN_N                                       Reserved    
E1                    MSIO105PB8                                           Unassigned  
E2                    MSIO105NB8                                           Unassigned  
E3                    VSS                                                  Reserved    
E4                    MSIO102PB8                                           Unassigned  
E5                    MSIO102NB8                                           Unassigned  
E6                    VSS                                                  Reserved    
E7                    DDRIO92PB0/MDDR_TMATCH_ECC_OUT                       Unassigned  
E8                    DDRIO89PB0/MDDR_TMATCH_ECC_IN                        Unassigned  
E9                    VSS                                                  Reserved    
E10                   DDRIO85NB0/MDDR_DQ3                                  Unassigned  
E11                   VDDI0                                                Reserved    
E12                   DDRIO81PB0/MDDR_DQ7                                  Unassigned  
E13                   DDRIO75NB0/MDDR_DQ15                                 Unassigned  
E14                   VSS                                                  Reserved    
E15                   DDRIO60PB0/MDDR_RESET_N                              Unassigned  
E16                   DDRIO56NB0/MDDR_ADDR2                                Unassigned  
E17                   DDRIO52PB0/MDDR_ADDR8                                Unassigned  
E18                   DDRIO49NB0/MDDR_ADDR15                               Unassigned  
E19                   DDRIO50PB0/MDDR_ADDR12                               Unassigned  
E20                   VDDI1                                                Reserved    
E21                   MSIO45NB1/MMUART_0_DCD/GPIO_22_B                     Unassigned  
E22                   MSIO45PB1/MMUART_0_RI/GPIO_21_B                      Unassigned  
F1                    VDDI8                                                Reserved    
F2                    MSIO110NB8                                           Unassigned  
F3                    MSIO106PB8                                           Unassigned  
F4                    MSIO106NB8                                           Unassigned  
F5                    MSIO99PB8                                            Unassigned  
F6                    MSIO99NB8                                            Unassigned  
F7                    VDDI0                                                Reserved    
F8                    DDRIO92NB0/CCC_NW0_CLKI2                             Special     
F9                    VDDI0                                                Reserved    
F10                   DDRIO85PB0/MDDR_DQ2                                  Unassigned  
F11                   VSS                                                  Reserved    
F12                   DDRIO81NB0/MDDR_TMATCH_0_OUT                         Unassigned  
F13                   VDDI0                                                Reserved    
F14                   DDRIO62PB0/MDDR_RAS_N                                Unassigned  
F15                   DDRIO60NB0/MDDR_CAS_N                                Unassigned  
F16                   VSS                                                  Reserved    
F17                   DDRIO52NB0/MDDR_ADDR9                                Unassigned  
F18     Rx            MSIO44NB1/MMUART_0_DSR/GPIO_20_B                     Fixed       LVCMOS25  Input      TRISTATE                        None           No                                  Off              ---         ---            Off             Off          ---   ---           ---                ---               
F19                   MSIO44PB1/MMUART_0_CTS/GPIO_19_B                     Unassigned  
F20     Tx_Enable     MSIO43NB1/MMUART_0_DTR/GPIO_18_B                     Fixed       LVCMOS25  Output     TRISTATE                        None           No                                  ---              ---         ---            ---             ---          SLOW  ---           4                  5                 
F21     Tx            MSIO43PB1/MMUART_0_RTS/GPIO_17_B                     Fixed       LVCMOS25  Output     TRISTATE                        None           No                                  ---              ---         ---            ---             ---          SLOW  ---           4                  5                 
F22                   VDDI1                                                Reserved    
G1                    MSIO114NB8                                           Unassigned  
G2                    MSIO110PB8                                           Unassigned  
G3                    MSIO111NB8                                           Unassigned  
G4                    VDDI8                                                Reserved    
G5                    MSIO98PB8                                            Unassigned  
G6                    MSIO98NB8                                            Unassigned  
G7                    MSIO107NB8                                           Unassigned  
G8                    CCC_NW1_PLL_VSSA                                     Reserved    
G9                    CCC_NW1_PLL_VDDA                                     Reserved    
G10                   VREF0                                                Reserved    
G11                   VREF0                                                Reserved    
G12                   DDRIO77PB0/MDDR_TMATCH_0_IN                          Unassigned  
G13                   DDRIO77NB0/MDDR_DM_RDQS1                             Unassigned  
G14                   DDRIO62NB0/MDDR_WE_N                                 Unassigned  
G15                   VREF0                                                Reserved    
G16                   MSIO48NB1/I2C_0_SCL/GPIO_31_B                        Unassigned  
G17                   MSIO48PB1/I2C_0_SDA/GPIO_30_B                        Unassigned  
G18                   MSIO42NB1/MMUART_1_RXD/GPIO_26_B                     Unassigned  
G19                   MSIO42PB1/GB14/VCCC_SE1_CLKI/MMUART_1_CLK/GPIO_25_B  Special     
G20                   VSS                                                  Reserved    
G21                   MSIO40NB1/MMUART_1_DCD/GPIO_16_B                     Unassigned  
G22                   MSIO40PB1/CCC_NE1_CLKI1/MMUART_1_RI/GPIO_15_B        Special     
H1                    MSIO114PB8/GB6/CCC_NW1_CLKI1                         Special     
H2                    VSS                                                  Reserved    
H3                    MSIO111PB8                                           Unassigned  
H4                    MSIO109PB8                                           Unassigned  
H5                    MSIO109NB8                                           Unassigned  
H6                    MSIO108PB8                                           Unassigned  
H7                    MSIO107PB8                                           Unassigned  
H8                    CCC_NW0_PLL_VDDA                                     Reserved    
H9                    VSS                                                  Reserved    
H10                   VDD                                                  Reserved    
H11                   VSS                                                  Reserved    
H12                   VDDI0                                                Reserved    
H13                   VSS                                                  Reserved    
H14                   VDDI0                                                Reserved    
H15                   CCC_NE0_PLL_VDDA                                     Reserved    
H16                   MSS_MDDR_PLL_VDDA                                    Reserved    
H17                   MSS_MDDR_PLL_VSSA                                    Reserved    
H18                   VDDI1                                                Reserved    
H19                   MSIO41NB1/MMUART_1_TXD/GPIO_24_B                     Unassigned  
H20                   MSIO41PB1/GB10/VCCC_SE0_CLKI                         Special     
H21                   MSIO38NB1/MMUART_1_DTR/GPIO_12_B                     Unassigned  
H22                   MSIO38PB1/MMUART_1_RTS/GPIO_11_B                     Unassigned  
J1                    MSIO116PB8/CCC_NW1_CLKI0                             Special     
J2                    MSIO116NB8                                           Unassigned  
J3                    MSIO115PB8/GB2/CCC_NW0_CLKI1                         Special     
J4                    MSIO115NB8                                           Unassigned  
J5                    VSS                                                  Reserved    
J6                    MSIO108NB8                                           Unassigned  
J7                    VDDI8                                                Reserved    
J8                    CCC_NW0_PLL_VSSA                                     Reserved    
J9                    VDD                                                  Reserved    
J10                   VSS                                                  Reserved    
J11                   VDD                                                  Reserved    
J12                   VSS                                                  Reserved    
J13                   VDD                                                  Reserved    
J14                   VSS                                                  Reserved    
J15                   CCC_NE0_PLL_VSSA                                     Reserved    
J16                   CCC_NE1_PLL_VSSA                                     Reserved    
J17                   CCC_NE1_PLL_VDDA                                     Reserved    
J18                   MSIO24NB3/SPI_1_SS3/GPIO_16_A                        Unassigned  
J19                   MSIO39NB1/MMUART_1_DSR/GPIO_14_B                     Unassigned  
J20                   MSIO39PB1/CCC_NE0_CLKI1/MMUART_1_CTS/GPIO_13_B       Special     
J21                   VDDI1                                                Reserved    
J22                   MSIO20NB3/GB13/VCCC_SE1_CLKI/GPIO_26_A               Special     
K1                    MSIOD121PB7/CCC_SW0_CLKI0                            Special     
K2                    MSIOD121NB7                                          Unassigned  
K3                    VDDI7                                                Reserved    
K4                    MSIOD118PB7/GB5/CCC_SW1_CLKI1                        Special     
K5                    MSIOD118NB7                                          Unassigned  
K6                    MSIO117PB8/CCC_NW0_CLKI0                             Special     
K7                    MSIO117NB8                                           Unassigned  
K8                    MSIOD119PB7/GB1/CCC_SW0_CLKI1                        Special     
K9                    VSS                                                  Reserved    
K10                   VDD                                                  Reserved    
K11                   VSS                                                  Reserved    
K12                   VDD                                                  Reserved    
K13                   VSS                                                  Reserved    
K14                   VDD                                                  Reserved    
K15                   MSIO22NB3/SPI_0_SS2/GPIO_9_A                         Unassigned  
K16                   MSIO23NB3/SPI_1_SS1/GPIO_14_A                        Unassigned  
K17                   MSIO23PB3/SPI_0_SS3/GPIO_10_A                        Unassigned  
K18                   MSIO24PB3/SPI_1_SS2/GPIO_15_A                        Unassigned  
K19                   VSS                                                  Reserved    
K20                   MSIO19NB3/SPI_1_SS7/GPIO_24_A                        Unassigned  
K21                   MSIO19PB3/SPI_1_SS6/GPIO_23_A                        Unassigned  
K22                   MSIO20PB3/GB9/VCCC_SE0_CLKI/GPIO_25_A                Special     
L1                    VSS                                                  Reserved    
L2                    MSIOD122PB7                                          Unassigned  
L3                    MSIOD122NB7                                          Unassigned  
L4                    MSIOD123PB7                                          Unassigned  
L5                    MSIOD123NB7                                          Unassigned  
L6                    VDDI7                                                Reserved    
L7                    MSIOD120NB7                                          Unassigned  
L8                    MSIOD119NB7                                          Unassigned  
L9                    VDD                                                  Reserved    
L10                   VSS                                                  Reserved    
L11                   VDD                                                  Reserved    
L12                   VSS                                                  Reserved    
L13                   VDD                                                  Reserved    
L14                   VSS                                                  Reserved    
L15                   VPP                                                  Reserved    
L16                   MSIO22PB3/SPI_0_SS1/GPIO_8_A                         Unassigned  
L17                   VDDI3                                                Reserved    
L18                   MSIO18NB3/SPI_1_SS5/GPIO_18_A                        Unassigned  
L19                   MSIO18PB3/SPI_1_SS4/GPIO_17_A                        Unassigned  
L20                   MSIO17NB3/SPI_1_SS0/GPIO_13_A                        Unassigned  
L21                   MSIO17PB3/SPI_1_SDO/GPIO_12_A                        Unassigned  
L22                   VSS                                                  Reserved    
M1                    MSIOD128NB7                                          Unassigned  
M2                    MSIOD126NB7                                          Unassigned  
M3                    MSIOD126PB7                                          Unassigned  
M4                    VSS                                                  Reserved    
M5                    MSIOD124PB7                                          Unassigned  
M6                    MSIOD124NB7                                          Unassigned  
M7                    MSIOD120PB7/CCC_SW1_CLKI0                            Special     
M8                    MSIOD131NB7                                          Unassigned  
M9                    VSS                                                  Reserved    
M10                   VDD                                                  Reserved    
M11                   VSS                                                  Reserved    
M12                   VDD                                                  Reserved    
M13                   VSS                                                  Reserved    
M14                   VDD                                                  Reserved    
M15                   VPPNVM                                               Reserved    
M16                   MSIO14PB3/SPI_0_SS4/GPIO_19_A                        Unassigned  
M17                   MSIO14NB3/SPI_0_SS5/GPIO_20_A                        Unassigned  
M18                   MSIO15PB3/SPI_0_SS6/GPIO_21_A                        Unassigned  
M19                   MSIO15NB3/SPI_0_SS7/GPIO_22_A                        Unassigned  
M20                   VDDI3                                                Reserved    
M21                   MSIO16PB3/SPI_1_CLK                                  Unassigned  
M22                   MSIO16NB3/SPI_1_SDI/GPIO_11_A                        Unassigned  
N1                    MSIOD128PB7                                          Unassigned  
N2                    VDDI7                                                Reserved    
N3                    MSIOD127PB7                                          Unassigned  
N4                    MSIOD127NB7                                          Unassigned  
N5                    MSIOD125PB7                                          Unassigned  
N6                    MSIOD125NB7                                          Unassigned  
N7                    VSS                                                  Reserved    
N8                    MSIOD131PB7                                          Unassigned  
N9                    VDD                                                  Reserved    
N10                   VSS                                                  Reserved    
N11                   VDD                                                  Reserved    
N12                   VSS                                                  Reserved    
N13                   VDD                                                  Reserved    
N14                   VSS                                                  Reserved    
N15                   VSSNVM                                               Reserved    
N16                   MSIO8PB3/CAN_RX/GPIO_3_A                             Unassigned  
N17                   MSIO8NB3/CAN_TX_EN_N/GPIO_4_A                        Unassigned  
N18                   VSS                                                  Reserved    
N19                   MSIO12PB3/SPI_0_CLK                                  Unassigned  
N20                   MSIO12NB3/SPI_0_SDI/GPIO_5_A                         Unassigned  
N21                   MSIO13PB3/SPI_0_SDO/GPIO_6_A                         Unassigned  
N22                   MSIO13NB3/SPI_0_SS0/GPIO_7_A                         Unassigned  
P1                    MSIOD130PB7                                          Unassigned  
P2                    MSIOD130NB7                                          Unassigned  
P3                    MSIOD129NB7                                          Unassigned  
P4                    MSIOD129PB7                                          Unassigned  
P5                    VDDI7                                                Reserved    
P6                    MSIOD132PB7                                          Unassigned  
P7                    MSIOD132NB7                                          Unassigned  
P8                    VDD                                                  Reserved    
P9                    VSS                                                  Reserved    
P10                   VDD                                                  Reserved    
P11                   VSS                                                  Reserved    
P12                   VDD                                                  Reserved    
P13                   VSS                                                  Reserved    
P14                   VDD                                                  Reserved    
P15                   VPP                                                  Reserved    
P16                   MSIO7NB3/CAN_TX/GPIO_2_A                             Unassigned  
P17                   MSIO6PB3                                             Unassigned  
P18                   MSIO6NB3                                             Unassigned  
P19                   SC_SPI_SDO                                           Reserved    
P20                   SC_SPI_SS                                            Reserved    
P21                   VSS                                                  Reserved    
P22                   MSIO11PB3/CCC_NE0_CLKI0/I2C_1_SDA/GPIO_0_A           Special     
R1                    MSIOD133NB7                                          Unassigned  
R2                    MSIOD133PB7                                          Unassigned  
R3                    MSIOD134PB7                                          Unassigned  
R4                    MSIOD134NB7                                          Unassigned  
R5                    VSS                                                  Reserved    
R6                    CCC_SW0_PLL_VSSA                                     Reserved    
R7                    CCC_SW1_PLL_VDDA                                     Reserved    
R8                    VDD                                                  Reserved    
R9                    VSS                                                  Reserved    
R10                   VSS                                                  Reserved    
R11                   VDD                                                  Reserved    
R12                   VSS                                                  Reserved    
R13                   VDD                                                  Reserved    
R14                   VSS                                                  Reserved    
R15                   DEVRST_N                                             Reserved    
R16                   MSIO7PB3                                             Unassigned  
R17                   MSIO1PB3                                             Unassigned  
R18                   MSIO1NB3                                             Unassigned  
R19                   VDDI3                                                Reserved    
R20                   SC_SPI_CLK                                           Reserved    
R21                   SC_SPI_SDI                                           Reserved    
R22                   MSIO11NB3/CCC_NE1_CLKI0/I2C_1_SCL/GPIO_1_A           Special     
T1                    MSIOD145NB6                                          Unassigned  
T2                    VSS                                                  Reserved    
T3                    MSIOD135NB7                                          Unassigned  
T4                    MSIOD135PB7                                          Unassigned  
T5                    CCC_SW0_PLL_VDDA                                     Reserved    
T6                    VSS                                                  Reserved    
T7                    CCC_SW1_PLL_VSSA                                     Reserved    
T8                    VPP                                                  Reserved    
T9                    VDD                                                  Reserved    
T10                   VDD                                                  Reserved    
T11                   VREF5                                                Reserved    
T12                   VREF5                                                Reserved    
T13                   DDRIO166NB5                                          Unassigned  
T14                   VDDI5                                                Reserved    
T15                   VSS                                                  Reserved    
T16                   DDRIO186NB5                                          Unassigned  
T17                   VSS                                                  Reserved    
T18                   MSIO2PB3                                             Unassigned  
T19                   MSIO2NB3                                             Unassigned  
T20                   MSIO5PB3                                             Unassigned  
T21                   MSIO5NB3                                             Unassigned  
T22                   VDDI3                                                Reserved    
U1                    MSIOD145PB6                                          Unassigned  
U2                    VDDI6                                                Reserved    
U3                    MSIOD146PB6                                          Unassigned  
U4                    MSIOD146NB6                                          Unassigned  
U5                    DNC                                                  Reserved    
U6                    VSS                                                  Reserved    
U7                    VDD                                                  Reserved    
U8                    VDD                                                  Reserved    
U9                    VPP                                                  Reserved    
U10                   DDRIO154PB5                                          Unassigned  
U11                   DDRIO154NB5                                          Unassigned  
U12                   VSS                                                  Reserved    
U13                   DDRIO166PB5                                          Unassigned  
U14                   DDRIO176PB5                                          Unassigned  
U15                   DDRIO176NB5                                          Unassigned  
U16                   DDRIO186PB5                                          Unassigned  
U17                   DDRIO189NB5                                          Unassigned  
U18                   DDRIO190NB5                                          Unassigned  
U19                   MSIO0PB3                                             Unassigned  
U20                   VSS                                                  Reserved    
U21                   MSIO4NB3                                             Unassigned  
U22                   MSIO4PB3                                             Unassigned  
V1                    VSS                                                  Reserved    
V2                    VSS                                                  Reserved    
V3                    VSS                                                  Reserved    
V4                    VSS                                                  Reserved    
V5                    VSS                                                  Reserved    
V6                    VSS                                                  Reserved    
V7                    VSS                                                  Reserved    
V8                    DNC                                                  Reserved    
V9                    VSS                                                  Reserved    
V10                   VDDI5                                                Reserved    
V11                   DDRIO156PB5                                          Unassigned  
V12                   DDRIO159NB5                                          Unassigned  
V13                   DDRIO171PB5                                          Unassigned  
V14                   DDRIO171NB5                                          Unassigned  
V15                   VSS                                                  Reserved    
V16                   DDRIO184NB5                                          Unassigned  
V17                   DDRIO189PB5                                          Unassigned  
V18                   DDRIO190PB5                                          Unassigned  
V19                   MSIO0NB3                                             Unassigned  
V20                   JTAG_TMS/M3_TMS/M3_SWDIO                             Reserved    
V21                   MSIO3NB3                                             Unassigned  
V22                   MSIO3PB3                                             Unassigned  
W1                    VSS                                                  Reserved    
W2                    VSS                                                  Reserved    
W3                    VSS                                                  Reserved    
W4                    VSS                                                  Reserved    
W5                    VSS                                                  Reserved    
W6                    VSS                                                  Reserved    
W7                    VSS                                                  Reserved    
W8                    VSS                                                  Reserved    
W9                    DDRIO148PB5/PROBE_A                                  Unassigned  
W10                   DDRIO151PB5                                          Unassigned  
W11                   DDRIO156NB5                                          Unassigned  
W12                   DDRIO159PB5/CCC_SW1_CLKI3                            Special     
W13                   VDDI5                                                Reserved    
W14                   DDRIO169NB5                                          Unassigned  
W15                   DDRIO172NB5                                          Unassigned  
W16                   DDRIO184PB5                                          Unassigned  
W17                   DDRIO182NB5                                          Unassigned  
W18                   VSS                                                  Reserved    
W19                   DDRIO187NB5                                          Unassigned  
W20                   JTAG_TCK/M3_TCK                                      Reserved    
W21                   VDDI4                                                Reserved    
W22                   JTAG_TDI/M3_TDI                                      Reserved    
Y1                    VSS                                                  Reserved    
Y2                    VSS                                                  Reserved    
Y3                    VSS                                                  Reserved    
Y4                    VSS                                                  Reserved    
Y5                    VSS                                                  Reserved    
Y6                    VSS                                                  Reserved    
Y7                    VSS                                                  Reserved    
Y8                    VSS                                                  Reserved    
Y9                    DDRIO148NB5/PROBE_B                                  Unassigned  
Y10                   DDRIO151NB5                                          Unassigned  
Y11                   VSS                                                  Reserved    
Y12                   DDRIO157NB5                                          Unassigned  
Y13                   DDRIO162NB5                                          Unassigned  
Y14                   DDRIO169PB5                                          Unassigned  
Y15                   DDRIO172PB5                                          Unassigned  
Y16                   VDDI5                                                Reserved    
Y17                   DDRIO182PB5                                          Unassigned  
Y18                   DDRIO181PB5                                          Unassigned  
Y19                   DDRIO181NB5                                          Unassigned  
Y20                   DDRIO187PB5                                          Unassigned  
Y21                   JTAG_TDO/M3_TDO/M3_SWO                               Reserved    
Y22                   JTAG_TRSTB/M3_TRSTB                                  Reserved    
